// Jest Snapshot v1, https://goo.gl/fbAQLP

exports[`Units Changing Component View only Renders correctly 1`] = `
<div
  className="sc-bdnylx fHbBEQ"
>
  <label>
    Unit types:
  </label>
  <select
    name="units"
    onChange={[MockFunction]}
  >
    <option
      value="metric"
    >
      Metric
    </option>
    <option
      value="imperial"
    >
      Imperial
    </option>
  </select>
</div>
`;
